// Jest Snapshot v1, https://goo.gl/fbAQLP

exports[`Checkbox Component Checkbox Snapshot 1`] = `
<Checkbox
  type="checkbox"
>
  <Label
    className="checkbox"
  >
    <label
      className="label checkbox"
    >
      <div />
      <Input
        className="checkbox__input"
        type="checkbox"
      >
        <input
          className="input checkbox__input"
          type="checkbox"
        />
      </Input>
      <Icon
        className="checkbox__icon"
      >
        <svg
          className="icon checkbox__icon"
        >
          <use
            xlinkHref="#undefined"
          />
        </svg>
      </Icon>
    </label>
  </Label>
</Checkbox>
`;
