// Jest Snapshot v1, https://goo.gl/fbAQLP

exports[`Input Component Input Snaphot 1`] = `
<Input
  id=""
  name=""
  placeholder=""
  title=""
  value=""
>
  <label
    className="label"
    htmlFor=""
  >
    <input
      className="input"
      id=""
      name=""
      placeholder=""
      value=""
    />
  </label>
</Input>
`;
